// Jest Snapshot v1, https://goo.gl/fbAQLP

exports[` 1`] = `
<iframe
  allowFullScreen={true}
  className="fslightbox-source fslightbox-opacity-0 fslightbox-youtube-iframe"
  src="https://www.youtube.com/embed/testId?enablejsapi=1"
/>
`;

exports[`DOM 1`] = `
<iframe
  allowFullScreen={true}
  className="fslightbox-source fslightbox-opacity-0 fslightbox-youtube-iframe"
  src="https://www.youtube.com/embed/testId?enablejsapi=1"
/>
`;

exports[`Video DOM static DOM should match snapshot 1`] = `
<iframe
  allowFullScreen={true}
  className="fslightbox-source fslightbox-opacity-0 fslightbox-youtube-iframe"
  src="https://www.youtube.com/embed/testId?enablejsapi=1"
/>
`;
