// Jest Snapshot v1, https://goo.gl/fbAQLP

exports[`Nav DOM should match snapshot 1`] = `
<div
  className="fslightbox-nav"
>
  <Toolbar
    fsLightbox={Object {}}
  />
  <SlideNumber
    fsLightbox={Object {}}
  />
</div>
`;

exports[`testing DOM should match snapshot 1`] = `
<div
  className="fslightbox-nav"
>
  <Toolbar
    fsLightbox={Object {}}
  />
  <SlideNumber
    fsLightbox={Object {}}
  />
</div>
`;
