// Jest Snapshot v1, https://goo.gl/fbAQLP

exports[`MediaHolder DOM should match snapshot 1`] = `
<div
  className="fslightbox-media-holder"
>
  <SourceHolder
    fsLightbox={
      Object {
        "core": Object {
          "slideSwiping": Object {
            "down": [MockFunction],
          },
        },
        "data": Object {
          "totalSlides": 4,
        },
        "elements": Object {
          "sourcesHoldersWrapper": Object {
            "current": null,
          },
        },
      }
    }
    index={0}
    key="0"
  />
  <SourceHolder
    fsLightbox={
      Object {
        "core": Object {
          "slideSwiping": Object {
            "down": [MockFunction],
          },
        },
        "data": Object {
          "totalSlides": 4,
        },
        "elements": Object {
          "sourcesHoldersWrapper": Object {
            "current": null,
          },
        },
      }
    }
    index={1}
    key="1"
  />
  <SourceHolder
    fsLightbox={
      Object {
        "core": Object {
          "slideSwiping": Object {
            "down": [MockFunction],
          },
        },
        "data": Object {
          "totalSlides": 4,
        },
        "elements": Object {
          "sourcesHoldersWrapper": Object {
            "current": null,
          },
        },
      }
    }
    index={2}
    key="2"
  />
  <SourceHolder
    fsLightbox={
      Object {
        "core": Object {
          "slideSwiping": Object {
            "down": [MockFunction],
          },
        },
        "data": Object {
          "totalSlides": 4,
        },
        "elements": Object {
          "sourcesHoldersWrapper": Object {
            "current": null,
          },
        },
      }
    }
    index={3}
    key="3"
  />
</div>
`;
