// Jest Snapshot v1, https://goo.gl/fbAQLP

exports[`SourceLoader DOM should match snapshot 1`] = `
<div
  className="fslightbox-loader"
>
  <div />
  <div />
  <div />
  <div />
</div>
`;
